[INFO] [launch]: All log files can be found below /home/abc/.ros/log/2026-10-07-23-47-30-461486-123-222298
[INFO] [launch]: Default logging verbosity is set to INFO
[INFO] [robot_state_publisher-1]: process started with pid [222300]
[INFO] [gzserver-2]: process started with pid [222302]
[robot_state_publisher-1] [WARN] [1791388050.597009685] [kdl_parser]: The root link base_footprint has an inertia specified in the URDF, but KDL does not support a root link with an inertia.  As a workaround, you can add an extra dummy link to your URDF.
[robot_state_publisher-1] [INFO] [1791388050.597069194] [robot_state_publisher]: got segment base_footprint
[robot_state_publisher-1] [INFO] [1791388050.597105015] [robot_state_publisher]: got segment base_link
[robot_state_publisher-1] [INFO] [1791388050.597108529] [robot_state_publisher]: got segment camera_Link
[robot_state_publisher-1] [INFO] [1791388050.597111081] [robot_state_publisher]: got segment deco_cover_Link
[robot_state_publisher-1] [INFO] [1791388050.597113499] [robot_state_publisher]: got segment left_front_wheel_Link
[robot_state_publisher-1] [INFO] [1791388050.597116227] [robot_state_publisher]: got segment left_rear_wheel_Link
[robot_state_publisher-1] [INFO] [1791388050.597118865] [robot_state_publisher]: got segment lidar_Link
[robot_state_publisher-1] [INFO] [1791388050.597121455] [robot_state_publisher]: got segment right_front_wheel_Link
[robot_state_publisher-1] [INFO] [1791388050.597123867] [robot_state_publisher]: got segment right_rear_wheel_Link
[gzserver-2] Gazebo multi-robot simulator, version 11.10.2
[gzserver-2] Copyright (C) 2012 Open Source Robotics Foundation.
[gzserver-2] Released under the Apache 2 License.
[gzserver-2] http://gazebosim.org
[gzserver-2] 
[gzserver-2] [1;33m[Wrn] [gazebo_ros_init.cpp:178] [0m[1;33m
[gzserver-2] #     # ####### ####### ###  #####  #######
[gzserver-2] ##    # #     #    #     #  #     # #
[gzserver-2] # #   # #     #    #     #  #       #
[gzserver-2] #  #  # #     #    #     #  #       #####
[gzserver-2] #   # # #     #    #     #  #       #
[gzserver-2] #    ## #     #    #     #  #     # #
[gzserver-2] #     # #######    #    ###  #####  #######
[gzserver-2] 
[gzserver-2] This version of Gazebo, now called Gazebo classic, reaches end-of-life
[gzserver-2] in January 2025. Users are highly encouraged to migrate to the new Gazebo
[gzserver-2] using our migration guides (https://gazebosim.org/docs/latest/gazebo_classic_migration?utm_source=gazebo_ros_pkgs&utm_medium=cli)
[gzserver-2] 
[gzserver-2] [0m[1;33m
[INFO] [spawn_entity.py-3]: process started with pid [222443]
[spawn_entity.py-3] [INFO] [1791388053.895798318] [spawn_entity]: Spawn Entity started
[spawn_entity.py-3] [INFO] [1791388053.895996209] [spawn_entity]: Loading entity published on topic robot_description
[spawn_entity.py-3] [INFO] [1791388053.897034570] [spawn_entity]: Waiting for entity xml on robot_description
[spawn_entity.py-3] [INFO] [1791388053.907947255] [spawn_entity]: Waiting for service /spawn_entity, timeout = 30
[spawn_entity.py-3] [INFO] [1791388053.908129860] [spawn_entity]: Waiting for service /spawn_entity
[spawn_entity.py-3] [INFO] [1791388053.910016407] [spawn_entity]: Calling service /spawn_entity
[spawn_entity.py-3] [INFO] [1791388054.086514002] [spawn_entity]: Spawn status: SpawnEntity: Successfully spawned entity [auto_mower]
[gzserver-2] [1;32m[Msg] [0m[1;32mWaiting for master.[0m[1;32m
[gzserver-2] [0m[1;32m[0m[1;32m[0m[1;32m[Msg] [0m[1;32mConnected to gazebo master @ [0m[1;32mhttp://127.0.0.1:11400[0m[1;32m
[gzserver-2] [0m[1;32m[0m[1;32m[0m[1;32m[Msg] [0m[1;32mPublicized address: [0m[1;32m192.168.177.7[0m[1;32m
[gzserver-2] [0m[1;32m[0m[1;32m[0m[1;32m[Msg] [0m[1;32mLoading world file [[0m[1;32m/home/abc/auto_mower_nav_backup_4-11（复件）/论文输出/实验/scripts/worlds/lawn_world_rtf2.world[0m[1;32m][0m[1;32m
[gzserver-2] [0m[1;33m[0m[1;33m[0m[1;33m[Wrn] [Event.cc:61] [0m[1;33mWarning: Deleting a connection right after creation. [0m[1;33mMake sure to save the ConnectionPtr from a Connect call
[INFO] [spawn_entity.py-3]: process has finished cleanly [pid 222443]
[gzserver-2] [0m[INFO] [1791388054.213819175] [camera_controller]: Publishing camera info to [/camera/camera_info]
[gzserver-2] [1;33m[Wrn] [Visual.cc:1056] [0m[1;33mUnable to get Material[[0m[1;33mGazebo/Brown[0m[1;33m] for Geometry[[0m[1;33mdog::link::body_visual[0m[1;33m. Object will appear white
[gzserver-2] [0m[1;33m[Wrn] [Visual.cc:1056] [0m[1;33mUnable to get Material[[0m[1;33mGazebo/Brown[0m[1;33m] for Geometry[[0m[1;33mdog::link::body_visual[0m[1;33m. Object will appear white
[gzserver-2] [0m[1;33m[Wrn] [Visual.cc:1056] [0m[1;33mUnable to get Material[[0m[1;33mGazebo/Brown[0m[1;33m] for Geometry[[0m[1;33mdog::link::head_visual[0m[1;33m. Object will appear white
[gzserver-2] [0m[1;33m[Wrn] [Visual.cc:1056] [0m[1;33mUnable to get Material[[0m[1;33mGazebo/Brown[0m[1;33m] for Geometry[[0m[1;33mdog::link::head_visual[0m[1;33m. Object will appear white
[gzserver-2] [0m[1;33m[Wrn] [Visual.cc:1056] [0m[1;33mUnable to get Material[[0m[1;33mGazebo/Brown[0m[1;33m] for Geometry[[0m[1;33mdog::link::leg1_visual[0m[1;33m. Object will appear white
[gzserver-2] [0m[1;33m[Wrn] [Visual.cc:1056] [0m[1;33mUnable to get Material[[0m[1;33mGazebo/Brown[0m[1;33m] for Geometry[[0m[1;33mdog::link::leg1_visual[0m[1;33m. Object will appear white
[gzserver-2] [0m[1;33m[Wrn] [Visual.cc:1056] [0m[1;33mUnable to get Material[[0m[1;33mGazebo/Brown[0m[1;33m] for Geometry[[0m[1;33mdog::link::leg2_visual[0m[1;33m. Object will appear white
[gzserver-2] [0m[1;33m[Wrn] [Visual.cc:1056] [0m[1;33mUnable to get Material[[0m[1;33mGazebo/Brown[0m[1;33m] for Geometry[[0m[1;33mdog::link::leg2_visual[0m[1;33m. Object will appear white
[gzserver-2] [0m[1;33m[Wrn] [Visual.cc:1056] [0m[1;33mUnable to get Material[[0m[1;33mGazebo/Brown[0m[1;33m] for Geometry[[0m[1;33mdog::link::leg3_visual[0m[1;33m. Object will appear white
[gzserver-2] [0m[1;33m[Wrn] [Visual.cc:1056] [0m[1;33mUnable to get Material[[0m[1;33mGazebo/Brown[0m[1;33m] for Geometry[[0m[1;33mdog::link::leg3_visual[0m[1;33m. Object will appear white
[gzserver-2] [0m[1;33m[Wrn] [Visual.cc:1056] [0m[1;33mUnable to get Material[[0m[1;33mGazebo/Brown[0m[1;33m] for Geometry[[0m[1;33mdog::link::leg4_visual[0m[1;33m. Object will appear white
[gzserver-2] [0m[1;33m[Wrn] [Visual.cc:1056] [0m[1;33mUnable to get Material[[0m[1;33mGazebo/Brown[0m[1;33m] for Geometry[[0m[1;33mdog::link::leg4_visual[0m[1;33m. Object will appear white
[gzserver-2] [0m[1;33m[Wrn] [Visual.cc:1056] [0m[1;33mUnable to get Material[[0m[1;33mGazebo/Brown[0m[1;33m] for Geometry[[0m[1;33mdog::link::tail_visual[0m[1;33m. Object will appear white
[gzserver-2] [0m[1;33m[Wrn] [Visual.cc:1056] [0m[1;33mUnable to get Material[[0m[1;33mGazebo/Brown[0m[1;33m] for Geometry[[0m[1;33mdog::link::tail_visual[0m[1;33m. Object will appear white
[gzserver-2] [0m[INFO] [1791388054.296591284] [diff_drive]: Wheel pair 1 separation set to [0.526460m]
[gzserver-2] [INFO] [1791388054.296621681] [diff_drive]: Wheel pair 1 diameter set to [0.176000m]
[gzserver-2] [INFO] [1791388054.297242080] [diff_drive]: Subscribed to [/cmd_vel]
[gzserver-2] [INFO] [1791388054.298391980] [diff_drive]: Advertise odometry on [/odom]
[gzserver-2] [INFO] [1791388054.299722606] [diff_drive]: Publishing odom transforms between [odom] and [base_footprint]
[gzserver-2] [INFO] [1791388054.305239213] [joint_state_publisher]: Going to publish joint [joint_left_front_wheel_Link]
[gzserver-2] [INFO] [1791388054.305260688] [joint_state_publisher]: Going to publish joint [joint_right_front_wheel_Link]
[gzserver-2] [INFO] [1791388054.305266651] [joint_state_publisher]: Going to publish joint [joint_left_rear_wheel_Link]
[gzserver-2] [INFO] [1791388054.305271869] [joint_state_publisher]: Going to publish joint [joint_right_rear_wheel_Link]
[gzserver-2] [INFO] [1791388054.305274958] [joint_state_publisher]: Going to publish joint [joint_camera_Link]
[INFO] [async_slam_toolbox_node-4]: process started with pid [222492]
[async_slam_toolbox_node-4] [INFO] [1791388056.609876624] [slam_toolbox]: Node using stack size 40000000
[async_slam_toolbox_node-4] [INFO] [1791388056.625675536] [slam_toolbox]: Using solver plugin solver_plugins::CeresSolver
[async_slam_toolbox_node-4] [INFO] [1791388056.625858377] [slam_toolbox]: CeresSolver: Using SCHUR_JACOBI preconditioner.
[async_slam_toolbox_node-4] Registering sensor: [Custom Described Lidar]
[INFO] [python3-5]: process started with pid [222519]
[INFO] [python3-6]: process started with pid [222521]
[python3-6] [INFO] [1791388058.920980386] [metrics_recorder]: 📼 记录器启动, out_dir=/home/abc/auto_mower_nav_backup_4-11（复件）/论文输出/实验/data/sciB_main_rect6_nav2_r1
[python3-5] [INFO] [1791388059.024287663] [coverage_planner]: 🌱 CoveragePlanner (Nav2版) 已启动
[python3-5] [INFO] [1791388059.024504464] [coverage_planner]:    边界记录模式: 启动后自动记录 odom，遥控走完一圈后按 M 开始覆盖
[python3-5] [INFO] [1791388059.025797595] [coverage_planner]: 🧪 Nav2实验变体启动: 边界顶点数=4
[python3-5] [INFO] [1791388059.027125362] [coverage_planner]: 等待 SLAM 地图 ...
[python3-5] [INFO] [1791388059.734470138] [coverage_planner]: 等待 SLAM 地图 ...
[INFO] [controller_server-7]: process started with pid [222607]
[INFO] [smoother_server-8]: process started with pid [222609]
[INFO] [planner_server-9]: process started with pid [222611]
[INFO] [behavior_server-10]: process started with pid [222613]
[INFO] [bt_navigator-11]: process started with pid [222615]
[INFO] [waypoint_follower-12]: process started with pid [222617]
[INFO] [velocity_smoother-13]: process started with pid [222619]
[INFO] [lifecycle_manager-14]: process started with pid [222621]
[lifecycle_manager-14] [INFO] [1791388062.718144236] [lifecycle_manager_navigation]: Creating
[lifecycle_manager-14] [INFO] [1791388062.724109175] [lifecycle_manager_navigation]: [34m[1mCreating and initializing lifecycle service clients[0m[0m
[waypoint_follower-12] [INFO] [1791388062.724854560] [waypoint_follower]: 
[waypoint_follower-12] 	waypoint_follower lifecycle node launched. 
[waypoint_follower-12] 	Waiting on external lifecycle transitions to activate
[waypoint_follower-12] 	See https://design.ros2.org/articles/node_lifecycle.html for more information.
[velocity_smoother-13] [INFO] [1791388062.725648986] [velocity_smoother]: 
[velocity_smoother-13] 	velocity_smoother lifecycle node launched. 
[velocity_smoother-13] 	Waiting on external lifecycle transitions to activate
[velocity_smoother-13] 	See https://design.ros2.org/articles/node_lifecycle.html for more information.
[waypoint_follower-12] [INFO] [1791388062.726329695] [waypoint_follower]: Creating
[behavior_server-10] [INFO] [1791388062.732429410] [behavior_server]: 
[behavior_server-10] 	behavior_server lifecycle node launched. 
[behavior_server-10] 	Waiting on external lifecycle transitions to activate
[behavior_server-10] 	See https://design.ros2.org/articles/node_lifecycle.html for more information.
[smoother_server-8] [INFO] [1791388062.735966861] [smoother_server]: 
[smoother_server-8] 	smoother_server lifecycle node launched. 
[smoother_server-8] 	Waiting on external lifecycle transitions to activate
[smoother_server-8] 	See https://design.ros2.org/articles/node_lifecycle.html for more information.
[planner_server-9] [INFO] [1791388062.736295673] [planner_server]: 
[planner_server-9] 	planner_server lifecycle node launched. 
[planner_server-9] 	Waiting on external lifecycle transitions to activate
[planner_server-9] 	See https://design.ros2.org/articles/node_lifecycle.html for more information.
[smoother_server-8] [INFO] [1791388062.739818485] [smoother_server]: Creating smoother server
[planner_server-9] [INFO] [1791388062.739818192] [planner_server]: Creating
[controller_server-7] [INFO] [1791388062.744206735] [controller_server]: 
[controller_server-7] 	controller_server lifecycle node launched. 
[controller_server-7] 	Waiting on external lifecycle transitions to activate
[controller_server-7] 	See https://design.ros2.org/articles/node_lifecycle.html for more information.
[bt_navigator-11] [INFO] [1791388062.747225164] [bt_navigator]: 
[bt_navigator-11] 	bt_navigator lifecycle node launched. 
[bt_navigator-11] 	Waiting on external lifecycle transitions to activate
[bt_navigator-11] 	See https://design.ros2.org/articles/node_lifecycle.html for more information.
[bt_navigator-11] [INFO] [1791388062.747315518] [bt_navigator]: Creating
[controller_server-7] [INFO] [1791388062.748383773] [controller_server]: Creating controller server
[lifecycle_manager-14] [INFO] [1791388062.749006707] [lifecycle_manager_navigation]: [34m[1mStarting managed nodes bringup...[0m[0m
[lifecycle_manager-14] [INFO] [1791388062.749039638] [lifecycle_manager_navigation]: [34m[1mConfiguring controller_server[0m[0m
[planner_server-9] [INFO] [1791388062.750727465] [global_costmap.global_costmap]: 
[planner_server-9] 	global_costmap lifecycle node launched. 
[planner_server-9] 	Waiting on external lifecycle transitions to activate
[planner_server-9] 	See https://design.ros2.org/articles/node_lifecycle.html for more information.
[planner_server-9] [INFO] [1791388062.754096272] [global_costmap.global_costmap]: Creating Costmap
[controller_server-7] [INFO] [1791388062.757224246] [local_costmap.local_costmap]: 
[controller_server-7] 	local_costmap lifecycle node launched. 
[controller_server-7] 	Waiting on external lifecycle transitions to activate
[controller_server-7] 	See https://design.ros2.org/articles/node_lifecycle.html for more information.
[controller_server-7] [INFO] [1791388062.757637765] [local_costmap.local_costmap]: Creating Costmap
[controller_server-7] [INFO] [1791388062.758719182] [controller_server]: Configuring controller interface
[controller_server-7] [INFO] [1791388062.758817537] [controller_server]: getting goal checker plugins..
[controller_server-7] [INFO] [1791388062.758874192] [controller_server]: Controller frequency set to 10.0000Hz
[controller_server-7] [INFO] [1791388062.758898505] [local_costmap.local_costmap]: Configuring
[controller_server-7] [INFO] [1791388062.761616100] [local_costmap.local_costmap]: Using plugin "voxel_layer"
[controller_server-7] [INFO] [1791388062.772215884] [local_costmap.local_costmap]: Subscribed to Topics: scan
[controller_server-7] [INFO] [1791388062.774754651] [local_costmap.local_costmap]: Initialized plugin "voxel_layer"
[controller_server-7] [INFO] [1791388062.774774281] [local_costmap.local_costmap]: Using plugin "inflation_layer"
[controller_server-7] [INFO] [1791388062.775049030] [local_costmap.local_costmap]: Initialized plugin "inflation_layer"
[controller_server-7] [INFO] [1791388062.786126197] [controller_server]: Created progress_checker : progress_checker of type nav2_controller::SimpleProgressChecker
[controller_server-7] [INFO] [1791388062.788022510] [controller_server]: Created goal checker : general_goal_checker of type nav2_controller::SimpleGoalChecker
[controller_server-7] [INFO] [1791388062.788116817] [controller_server]: Controller Server has general_goal_checker  goal checkers available.
[controller_server-7] [INFO] [1791388062.794430882] [controller_server]: Created controller : FollowPath of type dwb_core::DWBLocalPlanner
[controller_server-7] [INFO] [1791388062.794696489] [controller_server]: Setting transform_tolerance to 0.500000
[controller_server-7] [INFO] [1791388062.801960314] [controller_server]: Using critic "RotateToGoal" (dwb_critics::RotateToGoalCritic)
[controller_server-7] [INFO] [1791388062.802350156] [controller_server]: Critic plugin initialized
[controller_server-7] [INFO] [1791388062.802471930] [controller_server]: Using critic "Oscillation" (dwb_critics::OscillationCritic)
[controller_server-7] [INFO] [1791388062.802627627] [controller_server]: Critic plugin initialized
[controller_server-7] [INFO] [1791388062.802662361] [controller_server]: Using critic "BaseObstacle" (dwb_critics::BaseObstacleCritic)
[controller_server-7] [INFO] [1791388062.802744624] [controller_server]: Critic plugin initialized
[controller_server-7] [INFO] [1791388062.802811208] [controller_server]: Using critic "PathDist" (dwb_critics::PathDistCritic)
[controller_server-7] [INFO] [1791388062.802936659] [controller_server]: Critic plugin initialized
[controller_server-7] [INFO] [1791388062.802980700] [controller_server]: Using critic "GoalDist" (dwb_critics::GoalDistCritic)
[controller_server-7] [INFO] [1791388062.803059139] [controller_server]: Critic plugin initialized
[controller_server-7] [INFO] [1791388062.803066364] [controller_server]: Controller Server has FollowPath  controllers available.
[lifecycle_manager-14] [INFO] [1791388062.809821618] [lifecycle_manager_navigation]: [34m[1mConfiguring smoother_server[0m[0m
[smoother_server-8] [INFO] [1791388062.809946201] [smoother_server]: Configuring smoother server
[smoother_server-8] [INFO] [1791388062.815739426] [smoother_server]: Created smoother : simple_smoother of type nav2_smoother::SimpleSmoother
[smoother_server-8] [INFO] [1791388062.815942922] [smoother_server]: Smoother Server has simple_smoother  smoothers available.
[lifecycle_manager-14] [INFO] [1791388062.817946570] [lifecycle_manager_navigation]: [34m[1mConfiguring planner_server[0m[0m
[planner_server-9] [INFO] [1791388062.818095134] [planner_server]: Configuring
[planner_server-9] [INFO] [1791388062.818134318] [global_costmap.global_costmap]: Configuring
[planner_server-9] [INFO] [1791388062.822022379] [global_costmap.global_costmap]: Using plugin "static_layer"
[planner_server-9] [INFO] [1791388062.825615941] [global_costmap.global_costmap]: Subscribing to the map topic (/map) with transient local durability
[planner_server-9] [INFO] [1791388062.826681193] [global_costmap.global_costmap]: Initialized plugin "static_layer"
[planner_server-9] [INFO] [1791388062.826705234] [global_costmap.global_costmap]: Using plugin "obstacle_layer"
[planner_server-9] [INFO] [1791388062.827123480] [global_costmap.global_costmap]: Subscribed to Topics: scan
[planner_server-9] [INFO] [1791388062.829215961] [global_costmap.global_costmap]: Initialized plugin "obstacle_layer"
[planner_server-9] [INFO] [1791388062.829237302] [global_costmap.global_costmap]: Using plugin "inflation_layer"
[planner_server-9] [INFO] [1791388062.829702397] [global_costmap.global_costmap]: Initialized plugin "inflation_layer"
[planner_server-9] [INFO] [1791388062.836357851] [planner_server]: Created global planner plugin GridBased of type nav2_navfn_planner/NavfnPlanner
[planner_server-9] [INFO] [1791388062.836394041] [planner_server]: Configuring plugin GridBased of type NavfnPlanner
[planner_server-9] [INFO] [1791388062.836707133] [planner_server]: Planner Server has GridBased  planners available.
[planner_server-9] [INFO] [1791388062.837093691] [global_costmap.global_costmap]: StaticLayer: Resizing costmap to 217 X 217 at 0.050000 m/pix
[planner_server-9] [WARN] [1791388062.940465406] [planner_server.rclcpp]: failed to send response to /planner_server/change_state (timeout): client will not receive response, at ./src/rmw_response.cpp:154, at ./src/rcl/service.c:314
[python3-5] [INFO] [1791388065.740279794] [coverage_planner]: 🧪 注入边界多边形: 121 点
[python3-5] [INFO] [1791388065.740731660] [coverage_planner]: 处理边界轨迹，原始点 121 个
[python3-5] [INFO] [1791388065.741135824] [coverage_planner]: 简化后 121 个点
[python3-5] [INFO] [1791388065.741474324] [coverage_planner]: 首尾距离: 0.00m
[python3-5] [INFO] [1791388065.741784115] [coverage_planner]: 已闭合多边形
[python3-5] [INFO] [1791388065.742371716] [coverage_planner]: ✅ 边界完成: 122 个顶点, x=-3.0~3.0, y=-3.0~3.0
[python3-5] [INFO] [1791388065.751643606] [coverage_planner]: 边界已内缩 0.4m，航点离边界更安全
[python3-5] [INFO] [1791388065.755281959] [coverage_planner]: 多边形路径: 52 个航点
[python3-5] [INFO] [1791388065.755608946] [coverage_planner]: 🚀 开始覆盖导航，共 52 个航点，从航点0出发
[python3-5] [INFO] [1791388065.768216837] [coverage_planner]: 🧪 真值障碍过滤航点: 52 -> 41
[python3-6] [INFO] [1791388065.768993498] [metrics_recorder]: 📼 覆盖开始: 52 个规划航点, t=28.0
[python3-5] [INFO] [1791388065.788859084] [coverage_planner]: 等待 Nav2 navigate_to_pose 服务就绪...
[python3-5] [INFO] [1791388070.793536986] [coverage_planner]: 等待 Nav2 navigate_to_pose 服务就绪...
[python3-5] [INFO] [1791388075.796514797] [coverage_planner]: 等待 Nav2 navigate_to_pose 服务就绪...
[python3-5] [INFO] [1791388080.800120668] [coverage_planner]: 等待 Nav2 navigate_to_pose 服务就绪...
[python3-5] [INFO] [1791388085.804353465] [coverage_planner]: 等待 Nav2 navigate_to_pose 服务就绪...
[python3-5] [INFO] [1791388090.809538845] [coverage_planner]: 等待 Nav2 navigate_to_pose 服务就绪...
[python3-5] [INFO] [1791388095.813364197] [coverage_planner]: 等待 Nav2 navigate_to_pose 服务就绪...
[python3-5] [INFO] [1791388100.817022149] [coverage_planner]: 等待 Nav2 navigate_to_pose 服务就绪...
[python3-5] [INFO] [1791388105.821244067] [coverage_planner]: 等待 Nav2 navigate_to_pose 服务就绪...
[python3-5] [INFO] [1791388110.824771041] [coverage_planner]: 等待 Nav2 navigate_to_pose 服务就绪...
[python3-5] [INFO] [1791388115.830083227] [coverage_planner]: 等待 Nav2 navigate_to_pose 服务就绪...
[python3-5] [INFO] [1791388120.833623199] [coverage_planner]: 等待 Nav2 navigate_to_pose 服务就绪...
[python3-5] [INFO] [1791388125.837360422] [coverage_planner]: 等待 Nav2 navigate_to_pose 服务就绪...
[python3-5] [INFO] [1791388130.841466148] [coverage_planner]: 等待 Nav2 navigate_to_pose 服务就绪...
[python3-5] [INFO] [1791388135.846984068] [coverage_planner]: 等待 Nav2 navigate_to_pose 服务就绪...
[python3-5] [INFO] [1791388140.849207082] [coverage_planner]: 等待 Nav2 navigate_to_pose 服务就绪...
[python3-5] [INFO] [1791388145.854138703] [coverage_planner]: 等待 Nav2 navigate_to_pose 服务就绪...
[python3-5] [INFO] [1791388150.858845479] [coverage_planner]: 等待 Nav2 navigate_to_pose 服务就绪...
[python3-5] [INFO] [1791388155.861142315] [coverage_planner]: 等待 Nav2 navigate_to_pose 服务就绪...
[python3-5] [INFO] [1791388160.865268152] [coverage_planner]: 等待 Nav2 navigate_to_pose 服务就绪...
[python3-5] [INFO] [1791388165.869259313] [coverage_planner]: 等待 Nav2 navigate_to_pose 服务就绪...
[python3-5] [INFO] [1791388170.873151783] [coverage_planner]: 等待 Nav2 navigate_to_pose 服务就绪...
[python3-5] [INFO] [1791388175.878063970] [coverage_planner]: 等待 Nav2 navigate_to_pose 服务就绪...
[python3-5] [INFO] [1791388180.882401464] [coverage_planner]: 等待 Nav2 navigate_to_pose 服务就绪...
[python3-5] [INFO] [1791388185.886914720] [coverage_planner]: 等待 Nav2 navigate_to_pose 服务就绪...
[python3-5] [INFO] [1791388190.890764608] [coverage_planner]: 等待 Nav2 navigate_to_pose 服务就绪...
[python3-5] [INFO] [1791388195.893966048] [coverage_planner]: 等待 Nav2 navigate_to_pose 服务就绪...
[python3-5] [INFO] [1791388200.899726806] [coverage_planner]: 等待 Nav2 navigate_to_pose 服务就绪...
[python3-5] [INFO] [1791388205.902010287] [coverage_planner]: 等待 Nav2 navigate_to_pose 服务就绪...
[python3-5] [INFO] [1791388210.905873924] [coverage_planner]: 等待 Nav2 navigate_to_pose 服务就绪...
[python3-5] [INFO] [1791388215.909620583] [coverage_planner]: 等待 Nav2 navigate_to_pose 服务就绪...
[python3-5] [INFO] [1791388220.914169368] [coverage_planner]: 等待 Nav2 navigate_to_pose 服务就绪...
[python3-5] [INFO] [1791388225.917337767] [coverage_planner]: 等待 Nav2 navigate_to_pose 服务就绪...
[python3-5] [INFO] [1791388230.922568846] [coverage_planner]: 等待 Nav2 navigate_to_pose 服务就绪...
[python3-5] [INFO] [1791388235.926574604] [coverage_planner]: 等待 Nav2 navigate_to_pose 服务就绪...
[python3-5] [INFO] [1791388240.930763651] [coverage_planner]: 等待 Nav2 navigate_to_pose 服务就绪...
[python3-5] [INFO] [1791388245.934376954] [coverage_planner]: 等待 Nav2 navigate_to_pose 服务就绪...
[python3-5] [INFO] [1791388250.938332701] [coverage_planner]: 等待 Nav2 navigate_to_pose 服务就绪...
[python3-5] [INFO] [1791388255.943433485] [coverage_planner]: 等待 Nav2 navigate_to_pose 服务就绪...
[python3-5] [INFO] [1791388260.947214839] [coverage_planner]: 等待 Nav2 navigate_to_pose 服务就绪...
[python3-5] [INFO] [1791388265.951440318] [coverage_planner]: 等待 Nav2 navigate_to_pose 服务就绪...
[python3-5] [INFO] [1791388270.954877001] [coverage_planner]: 等待 Nav2 navigate_to_pose 服务就绪...
[python3-5] [INFO] [1791388275.959737832] [coverage_planner]: 等待 Nav2 navigate_to_pose 服务就绪...
[python3-5] [INFO] [1791388280.963351550] [coverage_planner]: 等待 Nav2 navigate_to_pose 服务就绪...
[python3-5] [INFO] [1791388285.968555260] [coverage_planner]: 等待 Nav2 navigate_to_pose 服务就绪...
[python3-5] [INFO] [1791388290.972122697] [coverage_planner]: 等待 Nav2 navigate_to_pose 服务就绪...
[python3-5] [INFO] [1791388295.974426069] [coverage_planner]: 等待 Nav2 navigate_to_pose 服务就绪...
[python3-5] [INFO] [1791388300.976680856] [coverage_planner]: 等待 Nav2 navigate_to_pose 服务就绪...
[python3-5] [INFO] [1791388305.979195803] [coverage_planner]: 等待 Nav2 navigate_to_pose 服务就绪...
[python3-5] [INFO] [1791388310.981702797] [coverage_planner]: 等待 Nav2 navigate_to_pose 服务就绪...
[python3-5] [INFO] [1791388315.984201603] [coverage_planner]: 等待 Nav2 navigate_to_pose 服务就绪...
[python3-5] [INFO] [1791388320.986536159] [coverage_planner]: 等待 Nav2 navigate_to_pose 服务就绪...
[python3-5] [INFO] [1791388325.988986364] [coverage_planner]: 等待 Nav2 navigate_to_pose 服务就绪...
[python3-5] [INFO] [1791388330.991410821] [coverage_planner]: 等待 Nav2 navigate_to_pose 服务就绪...
[python3-5] [INFO] [1791388335.996101425] [coverage_planner]: 等待 Nav2 navigate_to_pose 服务就绪...
[python3-5] [INFO] [1791388341.000681220] [coverage_planner]: 等待 Nav2 navigate_to_pose 服务就绪...
[python3-5] [INFO] [1791388346.003981654] [coverage_planner]: 等待 Nav2 navigate_to_pose 服务就绪...
[python3-5] [INFO] [1791388351.008610002] [coverage_planner]: 等待 Nav2 navigate_to_pose 服务就绪...
[python3-5] [INFO] [1791388356.013281098] [coverage_planner]: 等待 Nav2 navigate_to_pose 服务就绪...
[python3-5] [INFO] [1791388361.018386128] [coverage_planner]: 等待 Nav2 navigate_to_pose 服务就绪...
[python3-5] [INFO] [1791388366.022872770] [coverage_planner]: 等待 Nav2 navigate_to_pose 服务就绪...
[python3-5] [INFO] [1791388371.029222586] [coverage_planner]: 等待 Nav2 navigate_to_pose 服务就绪...
[python3-5] [INFO] [1791388376.032953591] [coverage_planner]: 等待 Nav2 navigate_to_pose 服务就绪...
[python3-5] [INFO] [1791388381.037721462] [coverage_planner]: 等待 Nav2 navigate_to_pose 服务就绪...
[python3-5] [INFO] [1791388386.041364505] [coverage_planner]: 等待 Nav2 navigate_to_pose 服务就绪...
[python3-5] [INFO] [1791388391.046977064] [coverage_planner]: 等待 Nav2 navigate_to_pose 服务就绪...
[python3-5] [INFO] [1791388396.050472344] [coverage_planner]: 等待 Nav2 navigate_to_pose 服务就绪...
[python3-5] [INFO] [1791388401.055926568] [coverage_planner]: 等待 Nav2 navigate_to_pose 服务就绪...
[python3-5] [INFO] [1791388406.059237933] [coverage_planner]: 等待 Nav2 navigate_to_pose 服务就绪...
[python3-5] [INFO] [1791388411.064508401] [coverage_planner]: 等待 Nav2 navigate_to_pose 服务就绪...
[python3-5] [INFO] [1791388416.070226941] [coverage_planner]: 等待 Nav2 navigate_to_pose 服务就绪...
[python3-5] [INFO] [1791388421.073351372] [coverage_planner]: 等待 Nav2 navigate_to_pose 服务就绪...
[python3-5] [INFO] [1791388426.078667787] [coverage_planner]: 等待 Nav2 navigate_to_pose 服务就绪...
[python3-5] [INFO] [1791388431.082385960] [coverage_planner]: 等待 Nav2 navigate_to_pose 服务就绪...
[python3-5] [INFO] [1791388436.087416992] [coverage_planner]: 等待 Nav2 navigate_to_pose 服务就绪...
[python3-5] [INFO] [1791388441.093501184] [coverage_planner]: 等待 Nav2 navigate_to_pose 服务就绪...
[python3-5] [INFO] [1791388446.096263479] [coverage_planner]: 等待 Nav2 navigate_to_pose 服务就绪...
[python3-5] [INFO] [1791388451.101560220] [coverage_planner]: 等待 Nav2 navigate_to_pose 服务就绪...
[python3-5] [INFO] [1791388456.106799155] [coverage_planner]: 等待 Nav2 navigate_to_pose 服务就绪...
[python3-5] [INFO] [1791388461.110734277] [coverage_planner]: 等待 Nav2 navigate_to_pose 服务就绪...
[python3-5] [INFO] [1791388466.115512133] [coverage_planner]: 等待 Nav2 navigate_to_pose 服务就绪...
[python3-5] [INFO] [1791388471.119958757] [coverage_planner]: 等待 Nav2 navigate_to_pose 服务就绪...
[python3-5] [INFO] [1791388476.125027338] [coverage_planner]: 等待 Nav2 navigate_to_pose 服务就绪...
[python3-5] [INFO] [1791388481.130018709] [coverage_planner]: 等待 Nav2 navigate_to_pose 服务就绪...
[python3-5] [INFO] [1791388486.133263890] [coverage_planner]: 等待 Nav2 navigate_to_pose 服务就绪...
[python3-5] [INFO] [1791388491.137082182] [coverage_planner]: 等待 Nav2 navigate_to_pose 服务就绪...
[python3-5] [INFO] [1791388496.142636013] [coverage_planner]: 等待 Nav2 navigate_to_pose 服务就绪...
[python3-5] [INFO] [1791388501.148164469] [coverage_planner]: 等待 Nav2 navigate_to_pose 服务就绪...
[python3-5] [INFO] [1791388506.152193662] [coverage_planner]: 等待 Nav2 navigate_to_pose 服务就绪...
[python3-5] [INFO] [1791388511.157229894] [coverage_planner]: 等待 Nav2 navigate_to_pose 服务就绪...
[python3-5] [INFO] [1791388516.162651140] [coverage_planner]: 等待 Nav2 navigate_to_pose 服务就绪...
[python3-5] [INFO] [1791388521.166077039] [coverage_planner]: 等待 Nav2 navigate_to_pose 服务就绪...
[python3-5] [INFO] [1791388526.172240221] [coverage_planner]: 等待 Nav2 navigate_to_pose 服务就绪...
[python3-5] [INFO] [1791388531.176536840] [coverage_planner]: 等待 Nav2 navigate_to_pose 服务就绪...
[python3-5] [INFO] [1791388536.182921485] [coverage_planner]: 等待 Nav2 navigate_to_pose 服务就绪...
[python3-5] [INFO] [1791388541.185576966] [coverage_planner]: 等待 Nav2 navigate_to_pose 服务就绪...
[python3-5] [INFO] [1791388546.191843979] [coverage_planner]: 等待 Nav2 navigate_to_pose 服务就绪...
[python3-5] [INFO] [1791388551.198412699] [coverage_planner]: 等待 Nav2 navigate_to_pose 服务就绪...
[python3-5] [INFO] [1791388556.203778384] [coverage_planner]: 等待 Nav2 navigate_to_pose 服务就绪...
[python3-5] [INFO] [1791388561.208309221] [coverage_planner]: 等待 Nav2 navigate_to_pose 服务就绪...
[python3-5] [INFO] [1791388566.212170043] [coverage_planner]: 等待 Nav2 navigate_to_pose 服务就绪...
[python3-5] [INFO] [1791388571.217907211] [coverage_planner]: 等待 Nav2 navigate_to_pose 服务就绪...
[python3-5] [INFO] [1791388576.221309344] [coverage_planner]: 等待 Nav2 navigate_to_pose 服务就绪...
[python3-5] [INFO] [1791388581.227409708] [coverage_planner]: 等待 Nav2 navigate_to_pose 服务就绪...
[python3-5] [INFO] [1791388586.232011291] [coverage_planner]: 等待 Nav2 navigate_to_pose 服务就绪...
[python3-5] [INFO] [1791388591.237781864] [coverage_planner]: 等待 Nav2 navigate_to_pose 服务就绪...
[python3-5] [INFO] [1791388596.241026655] [coverage_planner]: 等待 Nav2 navigate_to_pose 服务就绪...
[python3-5] [INFO] [1791388601.246483106] [coverage_planner]: 等待 Nav2 navigate_to_pose 服务就绪...
[python3-5] [INFO] [1791388606.249462457] [coverage_planner]: 等待 Nav2 navigate_to_pose 服务就绪...
[python3-5] [INFO] [1791388611.255292429] [coverage_planner]: 等待 Nav2 navigate_to_pose 服务就绪...
[python3-5] [INFO] [1791388616.260791394] [coverage_planner]: 等待 Nav2 navigate_to_pose 服务就绪...
[python3-5] [INFO] [1791388621.265143680] [coverage_planner]: 等待 Nav2 navigate_to_pose 服务就绪...
[python3-5] [INFO] [1791388626.270617403] [coverage_planner]: 等待 Nav2 navigate_to_pose 服务就绪...
[python3-5] [INFO] [1791388631.274901187] [coverage_planner]: 等待 Nav2 navigate_to_pose 服务就绪...
[python3-5] [INFO] [1791388636.277295567] [coverage_planner]: 等待 Nav2 navigate_to_pose 服务就绪...
[python3-5] [INFO] [1791388641.282724291] [coverage_planner]: 等待 Nav2 navigate_to_pose 服务就绪...
[python3-5] [INFO] [1791388646.287759709] [coverage_planner]: 等待 Nav2 navigate_to_pose 服务就绪...
[python3-5] [INFO] [1791388651.291941252] [coverage_planner]: 等待 Nav2 navigate_to_pose 服务就绪...
[python3-5] [INFO] [1791388656.295268062] [coverage_planner]: 等待 Nav2 navigate_to_pose 服务就绪...
[python3-5] [INFO] [1791388661.299544780] [coverage_planner]: 等待 Nav2 navigate_to_pose 服务就绪...
[python3-5] [INFO] [1791388666.303331889] [coverage_planner]: 等待 Nav2 navigate_to_pose 服务就绪...
[python3-5] [INFO] [1791388671.307405123] [coverage_planner]: 等待 Nav2 navigate_to_pose 服务就绪...
[python3-5] [INFO] [1791388676.312143860] [coverage_planner]: 等待 Nav2 navigate_to_pose 服务就绪...
[python3-5] [INFO] [1791388681.315924895] [coverage_planner]: 等待 Nav2 navigate_to_pose 服务就绪...
[python3-5] [INFO] [1791388686.320791228] [coverage_planner]: 等待 Nav2 navigate_to_pose 服务就绪...
[python3-5] [INFO] [1791388691.324625313] [coverage_planner]: 等待 Nav2 navigate_to_pose 服务就绪...
[python3-5] [INFO] [1791388696.329465598] [coverage_planner]: 等待 Nav2 navigate_to_pose 服务就绪...
[python3-5] [INFO] [1791388701.333196433] [coverage_planner]: 等待 Nav2 navigate_to_pose 服务就绪...
[python3-5] [INFO] [1791388706.337683811] [coverage_planner]: 等待 Nav2 navigate_to_pose 服务就绪...
[python3-5] [INFO] [1791388711.340949964] [coverage_planner]: 等待 Nav2 navigate_to_pose 服务就绪...
[python3-5] [INFO] [1791388716.346267266] [coverage_planner]: 等待 Nav2 navigate_to_pose 服务就绪...
[python3-5] [INFO] [1791388721.350200590] [coverage_planner]: 等待 Nav2 navigate_to_pose 服务就绪...
[python3-5] [INFO] [1791388726.355218832] [coverage_planner]: 等待 Nav2 navigate_to_pose 服务就绪...
[python3-5] [INFO] [1791388731.359310975] [coverage_planner]: 等待 Nav2 navigate_to_pose 服务就绪...
[python3-5] [INFO] [1791388736.362892821] [coverage_planner]: 等待 Nav2 navigate_to_pose 服务就绪...
[python3-5] [INFO] [1791388741.368364857] [coverage_planner]: 等待 Nav2 navigate_to_pose 服务就绪...
[python3-5] [INFO] [1791388746.370807260] [coverage_planner]: 等待 Nav2 navigate_to_pose 服务就绪...
[python3-5] [INFO] [1791388751.376464967] [coverage_planner]: 等待 Nav2 navigate_to_pose 服务就绪...
[python3-5] [INFO] [1791388756.381136235] [coverage_planner]: 等待 Nav2 navigate_to_pose 服务就绪...
[python3-5] [INFO] [1791388761.384355137] [coverage_planner]: 等待 Nav2 navigate_to_pose 服务就绪...
[python3-5] [INFO] [1791388766.389621443] [coverage_planner]: 等待 Nav2 navigate_to_pose 服务就绪...
[python3-5] [INFO] [1791388771.393164076] [coverage_planner]: 等待 Nav2 navigate_to_pose 服务就绪...
[python3-5] [INFO] [1791388776.396925891] [coverage_planner]: 等待 Nav2 navigate_to_pose 服务就绪...
[python3-5] [INFO] [1791388781.402245494] [coverage_planner]: 等待 Nav2 navigate_to_pose 服务就绪...
[python3-5] [INFO] [1791388786.406112050] [coverage_planner]: 等待 Nav2 navigate_to_pose 服务就绪...
[python3-5] [INFO] [1791388791.410324370] [coverage_planner]: 等待 Nav2 navigate_to_pose 服务就绪...
[python3-5] [INFO] [1791388796.414342362] [coverage_planner]: 等待 Nav2 navigate_to_pose 服务就绪...
[python3-5] [INFO] [1791388801.419174559] [coverage_planner]: 等待 Nav2 navigate_to_pose 服务就绪...
[python3-5] [INFO] [1791388806.423300075] [coverage_planner]: 等待 Nav2 navigate_to_pose 服务就绪...
[python3-5] [INFO] [1791388811.428351990] [coverage_planner]: 等待 Nav2 navigate_to_pose 服务就绪...
[python3-5] [INFO] [1791388816.433614154] [coverage_planner]: 等待 Nav2 navigate_to_pose 服务就绪...
[python3-5] [INFO] [1791388821.436918436] [coverage_planner]: 等待 Nav2 navigate_to_pose 服务就绪...
[python3-5] [INFO] [1791388826.441427442] [coverage_planner]: 等待 Nav2 navigate_to_pose 服务就绪...
[python3-5] [INFO] [1791388831.445683575] [coverage_planner]: 等待 Nav2 navigate_to_pose 服务就绪...
[python3-5] [INFO] [1791388836.450248890] [coverage_planner]: 等待 Nav2 navigate_to_pose 服务就绪...
[python3-5] [INFO] [1791388841.454555544] [coverage_planner]: 等待 Nav2 navigate_to_pose 服务就绪...
[python3-5] [INFO] [1791388846.458530579] [coverage_planner]: 等待 Nav2 navigate_to_pose 服务就绪...
[python3-5] [INFO] [1791388851.463450509] [coverage_planner]: 等待 Nav2 navigate_to_pose 服务就绪...
[python3-5] [INFO] [1791388856.468036224] [coverage_planner]: 等待 Nav2 navigate_to_pose 服务就绪...
[python3-5] [INFO] [1791388861.472994631] [coverage_planner]: 等待 Nav2 navigate_to_pose 服务就绪...
[python3-5] [INFO] [1791388866.477413354] [coverage_planner]: 等待 Nav2 navigate_to_pose 服务就绪...
[python3-5] [INFO] [1791388871.480661275] [coverage_planner]: 等待 Nav2 navigate_to_pose 服务就绪...
[python3-5] [INFO] [1791388876.486249202] [coverage_planner]: 等待 Nav2 navigate_to_pose 服务就绪...
[python3-5] [INFO] [1791388881.491096639] [coverage_planner]: 等待 Nav2 navigate_to_pose 服务就绪...
[python3-5] [INFO] [1791388886.495657775] [coverage_planner]: 等待 Nav2 navigate_to_pose 服务就绪...
[python3-5] [INFO] [1791388891.499457581] [coverage_planner]: 等待 Nav2 navigate_to_pose 服务就绪...
[python3-5] [INFO] [1791388896.503982314] [coverage_planner]: 等待 Nav2 navigate_to_pose 服务就绪...
[python3-5] [INFO] [1791388901.507918808] [coverage_planner]: 等待 Nav2 navigate_to_pose 服务就绪...
[python3-5] [INFO] [1791388906.513064901] [coverage_planner]: 等待 Nav2 navigate_to_pose 服务就绪...
[python3-5] [INFO] [1791388911.517042037] [coverage_planner]: 等待 Nav2 navigate_to_pose 服务就绪...
[python3-5] [INFO] [1791388916.521679440] [coverage_planner]: 等待 Nav2 navigate_to_pose 服务就绪...
[python3-5] [INFO] [1791388921.526423114] [coverage_planner]: 等待 Nav2 navigate_to_pose 服务就绪...
[python3-5] [INFO] [1791388926.529917545] [coverage_planner]: 等待 Nav2 navigate_to_pose 服务就绪...
[python3-5] [INFO] [1791388931.534058631] [coverage_planner]: 等待 Nav2 navigate_to_pose 服务就绪...
[python3-5] [INFO] [1791388936.540045158] [coverage_planner]: 等待 Nav2 navigate_to_pose 服务就绪...
[python3-5] [INFO] [1791388941.543398814] [coverage_planner]: 等待 Nav2 navigate_to_pose 服务就绪...
[python3-5] [INFO] [1791388946.548816704] [coverage_planner]: 等待 Nav2 navigate_to_pose 服务就绪...
[python3-5] [INFO] [1791388951.552412186] [coverage_planner]: 等待 Nav2 navigate_to_pose 服务就绪...
[python3-5] [INFO] [1791388956.556045074] [coverage_planner]: 等待 Nav2 navigate_to_pose 服务就绪...
[python3-5] [INFO] [1791388961.560714165] [coverage_planner]: 等待 Nav2 navigate_to_pose 服务就绪...
[python3-5] [INFO] [1791388966.566573157] [coverage_planner]: 等待 Nav2 navigate_to_pose 服务就绪...
[python3-5] [INFO] [1791388971.570215234] [coverage_planner]: 等待 Nav2 navigate_to_pose 服务就绪...
[python3-5] [INFO] [1791388976.576065524] [coverage_planner]: 等待 Nav2 navigate_to_pose 服务就绪...
